# Uniherz Titan Keymap Example
# by Leon Krieg <info@madcow.dev>
#
# Underscores and periods are
# skipped. Use u and p if you
# want to use them literally.
# Alphanumeric literals are
# not bindable in map files.
#
# Use keyword "mod" to change
# the modifier key for the
# next block of mappings.
#
# Symbols:
# - p = .
# - u = _
# - t = tab
# - e = escape
#
# System buttons:
#
# go back = control
# 2 shift = go back
#
# Previous version:
#
# ! @ # $ % ^ & * ( )
# - _ = + [ ] { } \ |
# ` ~ ; : . . < > / ?
#
# 1 2 3 4 5 6 7 8 9 0 
# ↹ ' " , . ← ↓ ↑ → .
# x . . . . . . . . .
#
# x . . . . . 1 2 3 0 
# ↹ ↑ . . . . 4 5 6 .
# ← ↓ → . . . 7 8 9 .
#
# ° § € ® © ¥ ü ÷ ö ≡
# ä ß Ø « » ½ ¼ ░ ▒ ▓
# . . . . . . . . . .
#

mod space # primary

e . . . . . 1 2 3 0 
t . . . . . 4 5 6 .
_ _ _ _ ___ 7 8 9 .

mod z # shift upper

! @ # $ % ^ & * ( )
. . . . . . . ↑ . u
_ _ _ _ ___ ← ↓ → +

mod x # shift right

. . . . . . . { } |
. . . . . . . : " -
_ _ _ _ ___ < > ? =

mod c # basic right

. . . . . . . [ ] \
. . . . . . . ; ' `
_ _ _ _ ___ , p / ~

mod v # regional

° § € ® © ¥ ü ÷ ö ≡
ä ß Ø ½ ¼ ¾ ░ ▒ ▓ █
_ _ _ _ ___ . . . .